#0 building with "desktop-linux" instance using docker driver

#1 [internal] load build definition from Dockerfile
#1 transferring dockerfile: 136B done
#1 DONE 0.0s

#2 resolve image config for docker-image://docker.io/docker/dockerfile:1
#2 ...

#3 [auth] docker/dockerfile:pull token for registry-1.docker.io
#3 DONE 0.0s

#2 resolve image config for docker-image://docker.io/docker/dockerfile:1
#2 DONE 1.0s

#4 docker-image://docker.io/docker/dockerfile:1@sha256:ecfaec9ed6d810b56388c508f4121597bfbba70d41a6dfeee4d8cad5f295fc32
#4 resolve docker.io/docker/dockerfile:1@sha256:ecfaec9ed6d810b56388c508f4121597bfbba70d41a6dfeee4d8cad5f295fc32 0.0s done
#4 CACHED

#5 [internal] load metadata for docker.io/library/alpine:3.22
#5 ...

#6 [auth] library/alpine:pull token for registry-1.docker.io
#6 DONE 0.0s

#5 [internal] load metadata for docker.io/library/alpine:3.22
#5 DONE 1.2s

#7 [internal] load .dockerignore
#7 transferring context: 2B done
#7 DONE 0.0s

#8 [internal] load build context
#8 transferring context: 2.10MB 0.0s done
#8 DONE 0.0s

#9 [1/3] FROM docker.io/library/alpine:3.22@sha256:14358309a308569c32bdc37e2e0e9694be33a9d99e68afb0f5ff33cc1f695dce
#9 resolve docker.io/library/alpine:3.22@sha256:14358309a308569c32bdc37e2e0e9694be33a9d99e68afb0f5ff33cc1f695dce 0.0s done
#9 sha256:738128faa30f570583b0e57efd831e0e6a2a9aacf1be88c8f4c1ef8a5b7033cc 0B / 4.12MB 0.2s
#9 sha256:738128faa30f570583b0e57efd831e0e6a2a9aacf1be88c8f4c1ef8a5b7033cc 1.05MB / 4.12MB 0.3s
#9 sha256:738128faa30f570583b0e57efd831e0e6a2a9aacf1be88c8f4c1ef8a5b7033cc 2.10MB / 4.12MB 0.5s
#9 sha256:738128faa30f570583b0e57efd831e0e6a2a9aacf1be88c8f4c1ef8a5b7033cc 4.12MB / 4.12MB 0.6s done
#9 extracting sha256:738128faa30f570583b0e57efd831e0e6a2a9aacf1be88c8f4c1ef8a5b7033cc 0.1s done
#9 DONE 0.7s

#10 [2/3] WORKDIR /app
#10 DONE 0.0s

#11 [3/3] COPY . .
#11 DONE 0.0s

#12 exporting to image
#12 exporting layers 0.0s done
#12 exporting manifest sha256:7b814c39f837931e34d4204a38a84aeb1f56d45e29a5b1e6a4d8282a76a8b24e done
#12 exporting config sha256:1140f166cc392ab165152754a32cad34f3742d44f95df219c2ba20a327f881c8 done
#12 exporting attestation manifest sha256:5f03f2853c278106af208cc25c95e5c3943b2679914294e371963560d19d5da9 done
#12 exporting manifest list sha256:47355bbffc75562d076a7c543a472e809d7c505610ef43366033c24b1efb5d6c done
#12 naming to docker.io/library/context-lab:before done
#12 unpacking to docker.io/library/context-lab:before 0.0s done
#12 DONE 0.1s
WARNING: current commit information was not captured by the build: failed to read current commit information with git rev-parse --is-inside-work-tree
